正在获取热门仓库...
处理仓库 1/20: oversecured/Samsung_Vulnerabilities
处理仓库 2/20: SangLuoCN/OneStep4
处理仓库 3/20: zhangzf1119/financial-intelligence-system
处理仓库 4/20: 888newstep/ai-agent-platform
处理仓库 5/20: verityminecraft/Verity-JE-BE-Mod-Minecraft
处理仓库 6/20: silent-QAQ/sculkcatalystv3
处理仓库 7/20: OpenVapeCN/VapeV4.21
处理仓库 8/20: shigella520/MindTrain
处理仓库 9/20: ANEWCAN/ucas-grade-monitor
处理仓库 10/20: linzhi-524/linjian-peek-public
处理仓库 11/20: albertoZurini/echo-dot-2-playground
处理仓库 12/20: Kamilhik/e4steam
处理仓库 13/20: LAOBILAXI233/onestep_on_hyper
处理仓库 14/20: gohoski/Wolfius
处理仓库 15/20: lunar-landing/qualia
处理仓库 16/20: w1lli4m666-droid/TVFileBox
处理仓库 17/20: 0x7eTeam/fastjson-1.2.83-rce
处理仓库 18/20: soullessjump/gitmatica
处理仓库 19/20: Swayingleaves/novanova-studio
处理仓库 20/20: TensorHub-ORG/Coomi-Android
数据已保存到 /app/data/github_trending_20260812_031810.json
成功获取 20 个热门仓库的详细信息
