正在获取热门仓库...
处理仓库 1/20: MSNightmare/ShieldBreak
处理仓库 2/20: stanuwu/Sunrise
处理仓库 3/20: jmarshall23/Quake_4_Alpha
处理仓库 4/20: ARMSX2/ARMSX3
处理仓库 5/20: OpenSparX/MasterAgent
处理仓库 6/20: ExtremeInjector-Cpp/ExtremeInjector
处理仓库 7/20: pancreations/Halo-MCC-VR
处理仓库 8/20: jmarshall23/tech5
处理仓库 9/20: SKLauncherMC/SKLauncher-Minecraft
处理仓库 10/20: timj-code/bc7215_ac_matter
处理仓库 11/20: fl25freedaw/FL-25.2.5
处理仓库 12/20: morishuz/delaunay32
处理仓库 13/20: tobi/omasnap
处理仓库 14/20: pg83/solo
处理仓库 15/20: Blueforcer/awtrix-ng
处理仓库 16/20: chrisberg-code1992s6/Meccha-Auto-Painter
处理仓库 17/20: EstebanPdN/mario-kart-64-3ds
处理仓库 18/20: Adel-Ayoub/rabbet
处理仓库 19/20: REframeworkMirror/REframework-MH-Wilds-RE9
处理仓库 20/20: jplakon/CallOfDuty4_VR
数据已保存到 /app/data/github_trending_20260817_021410.json
成功获取 20 个热门仓库的详细信息
