正在获取热门仓库...
处理仓库 1/20: tamnd/kage
处理仓库 2/20: duckbugio/flock
处理仓库 3/20: overflowy/make-look-scanned
处理仓库 4/20: bjarneo/ku
处理仓库 5/20: gykim80/perfectpixel-studio
处理仓库 6/20: ivorpad/mercadona-cli
处理仓库 7/20: maaslalani/fast
处理仓库 8/20: JotaDev66/WaCalls
处理仓库 9/20: kentjuno/ainovel-cli
处理仓库 10/20: kerlenton/mcpsnoop
处理仓库 11/20: dvassallo/singleserver
处理仓库 12/20: kernelstub/Ferrum
处理仓库 13/20: saiyam1814/kiac
处理仓库 14/20: Sophomoresty/mediago
处理仓库 15/20: Google-Health-API/google-health-cli
处理仓库 16/20: purpshell/meowcaller
处理仓库 17/20: tamnd/ascii-gif
处理仓库 18/20: alvinunreal/lazyskills
处理仓库 19/20: michaelshimeles/boring-computers
处理仓库 20/20: px0-ai/px0
数据已保存到 /app/data/github_trending_20260707_044253.json
成功获取 20 个热门仓库的详细信息
