正在获取热门仓库...
处理仓库 1/20: deeplethe/utopia
处理仓库 2/20: crmne/fastpotify
处理仓库 3/20: tobi/walgit
处理仓库 4/20: lexmount/moli
处理仓库 5/20: jub0t/Concat
处理仓库 6/20: orbien-org/orbien
处理仓库 7/20: furkankly/zoetrope
处理仓库 8/20: Flaminis/Dalaran
处理仓库 9/20: soirihiroka/shrimply
处理仓库 10/20: iAmCorey/Wake
处理仓库 11/20: ooolabdev/ooosplat
处理仓库 12/20: dondai44423/donsetch
处理仓库 13/20: fzakaria/nixpkgs-multiverse
处理仓库 14/20: plannotator/herdr-annotate
处理仓库 15/20: faisalkindi/DLSS5oneclick
处理仓库 16/20: JohnKinyanjui/sprite-maker
处理仓库 17/20: PicoMQ/picomq
处理仓库 18/20: mbm110/MSN-GUARD
处理仓库 19/20: JordyZomer/lemmalog
处理仓库 20/20: brijr/iris
数据已保存到 /app/data/github_trending_20260904_051521.json
成功获取 20 个热门仓库的详细信息
