正在获取热门仓库...
处理仓库 1/20: storytold/photocraft
处理仓库 2/20: storytold/lightcraft
处理仓库 3/20: storytold/filmcraft
处理仓库 4/20: storytold/pdfcraft
处理仓库 5/20: storytold/vectorcraft
处理仓库 6/20: storytold/effectcraft
处理仓库 7/20: tobi/disktree
处理仓库 8/20: storytold/designcraft
处理仓库 9/20: nullmoth/nvidia-macos-driver
处理仓库 10/20: Lumid-Off/AirCard-Windows
处理仓库 11/20: ollaya-dev/ollaya
处理仓库 12/20: OnlistTeam/ai-manager
处理仓库 13/20: penso/herdr-gpui
处理仓库 14/20: storytold/wordcraft
处理仓库 15/20: agentverse-os/AgentVerse-OS
处理仓库 16/20: storytold/cadcraft
处理仓库 17/20: vladtrc/iw4L
处理仓库 18/20: chasmlol/2010-rust-rewrite-mashup
处理仓库 19/20: jackwener/wx-cli-again
处理仓库 20/20: pingdotgg/ts-rust
数据已保存到 /app/data/github_trending_20261009_065936.json
成功获取 20 个热门仓库的详细信息
