正在获取热门仓库...
处理仓库 1/20: MorpheApp/PotHelper
处理仓库 2/20: KofLang/Kof4j
处理仓库 3/20: okpingnet/OKPing-Network-Monitor
处理仓库 4/20: jcx396905-gif/DuoFold-Android
处理仓库 5/20: XiaochangXu/AVBox
处理仓库 6/20: blendi-remade/fly-brain-minecraft
处理仓库 7/20: evangelosvlachos96-dotcom/microservices-tracing-kafka-opentelemetry
处理仓库 8/20: rianfalltwilight-lab/scex-extrabotany
处理仓库 9/20: umlink/java-full-stack
处理仓库 10/20: trinetlayer/Ghost-Js-Burp-Extension
处理仓库 11/20: sashyo/minidauth
处理仓库 12/20: dirge2024/VideoHub
处理仓库 13/20: hmartinez94/TVRelay
处理仓库 14/20: Karhu-Anticheat/KarhuAC
处理仓库 15/20: YumeGod/OpenPhantomShield
处理仓库 16/20: adityatandon15/Forward-Deployed-Engineer-Full-Course
处理仓库 17/20: dotnetdreamer/open-android-dex
处理仓库 18/20: ReedGAOOO/FCMGuard-HyperOS
处理仓库 19/20: 1554151614-maker/pan-campus-agent
处理仓库 20/20: Gerato25/Music-App-Src
数据已保存到 /app/data/github_trending_20260916_052946.json
成功获取 20 个热门仓库的详细信息
