正在获取热门仓库...
处理仓库 1/20: tamnd/kage
处理仓库 2/20: overflowy/make-look-scanned
处理仓库 3/20: cosmtrek/mindwalk
处理仓库 4/20: gykim80/perfectpixel-studio
处理仓库 5/20: maaslalani/fast
处理仓库 6/20: ivorpad/mercadona-cli
处理仓库 7/20: clawkwork/clawk
处理仓库 8/20: michaelshimeles/boring-computers
处理仓库 9/20: kerlenton/mcpsnoop
处理仓库 10/20: JotaDev66/WaCalls
处理仓库 11/20: kentjuno/ainovel-cli
处理仓库 12/20: programmersd21/flow
处理仓库 13/20: Sophomoresty/mediago
处理仓库 14/20: rogerai-fyi/roger
处理仓库 15/20: Google-Health-API/google-health-cli
处理仓库 16/20: ktsoator/or
处理仓库 17/20: purpshell/meowcaller
处理仓库 18/20: px0-ai/px0
处理仓库 19/20: alvinunreal/lazyskills
处理仓库 20/20: kernelstub/Nox
数据已保存到 /app/data/github_trending_20260714_035141.json
成功获取 20 个热门仓库的详细信息
