正在获取热门仓库...
处理仓库 1/20: ammaarreshi/Generals-Mac-iOS-iPad
处理仓库 2/20: BohemiaInteractive/CWR
处理仓库 3/20: 0xShug0/audio.cpp
处理仓库 4/20: NicholasSlattery/sony-head-tracker
处理仓库 5/20: XboxNahida/ghostty-blackhole-main
处理仓库 6/20: BenMakesEverything/Pocket-Lab-Power-Supply
处理仓库 7/20: carbonengine/trinity
处理仓库 8/20: ladybug-me/caelestia-dots-kde
处理仓库 9/20: karola3vax/CS2FOW
处理仓库 10/20: MSNightmare/LegacyHive
处理仓库 11/20: acentrist/MecchaCamouflage
处理仓库 12/20: MemNixFS/MemNixFS
处理仓库 13/20: kigner/audio.cpp-webui
处理仓库 14/20: ethz-asl/BIEVR-LIO
处理仓库 15/20: geekyraghav/Earners_Cpp_1
获取仓库 geekyraghav/Earners_Cpp_1 README 失败: 404 Client Error: Not Found for url: https://api.github.com/repos/geekyraghav/Earners_Cpp_1/readme
处理仓库 16/20: HackMan3D/HackMan3D-Orbit-Controller
处理仓库 17/20: xiaofan4122/Elevator-LIO
处理仓库 18/20: MatthewKuKanich/ChimeraBLE
处理仓库 19/20: dk8827/ra-port
处理仓库 20/20: GOROman/famicom-rf-hackrf-decoder
数据已保存到 /app/data/github_trending_20260720_043223.json
成功获取 20 个热门仓库的详细信息
