正在获取热门仓库...
处理仓库 1/20: ammaarreshi/Generals-Mac-iOS-iPad
处理仓库 2/20: BohemiaInteractive/CWR
处理仓库 3/20: 0xShug0/audio.cpp
处理仓库 4/20: NicholasSlattery/sony-head-tracker
处理仓库 5/20: carbonengine/trinity
处理仓库 6/20: XboxNahida/ghostty-blackhole-main
处理仓库 7/20: BenMakesEverything/Pocket-Lab-Power-Supply
处理仓库 8/20: mudler/depth-anything.cpp
处理仓库 9/20: localai-org/privacy-filter.cpp
处理仓库 10/20: karola3vax/CS2FOW
处理仓库 11/20: MemNixFS/MemNixFS
处理仓库 12/20: infracv/rf-detr-cpp
处理仓库 13/20: acentrist/MecchaCamouflage
处理仓库 14/20: ryujinx-emu/Ryujinx-Emu
处理仓库 15/20: LittleBitUA/DownpourRecomp
处理仓库 16/20: Yuzu-NES/Yuzu-Emu
处理仓库 17/20: MatthewKuKanich/ChimeraBLE
处理仓库 18/20: dk8827/ra-port
处理仓库 19/20: xiaofan4122/Elevator-LIO
处理仓库 20/20: soltia48/sdrplusplus-j-alert-plugin
数据已保存到 /app/data/github_trending_20260713_042503.json
成功获取 20 个热门仓库的详细信息
