正在获取热门仓库...
处理仓库 1/20: ingriddaleusag-dotcom/PickTV
处理仓库 2/20: oversecured/Samsung_Vulnerabilities
处理仓库 3/20: Juncai22/spring-ai-agent-learning
处理仓库 4/20: waylean/shuttleposereview
处理仓库 5/20: HaolemeApp/Haoleme
处理仓库 6/20: vasuki-re/IStanPdf
处理仓库 7/20: warmazxy-maker/do-not-miss-github
处理仓库 8/20: kuohsuanlo/LazyContainerAgent
处理仓库 9/20: apache/ossie-temp
处理仓库 10/20: nishchal-muradia/DesignPatternsByCodeN
处理仓库 11/20: wxxsfxyzm/MiuiBackGestureHook
处理仓库 12/20: zgcwkjOpenProject/XPoser_MiBackup
处理仓库 13/20: andrei-voia/TileMakerDOT
处理仓库 14/20: demavrin/Java-Learning
获取仓库 demavrin/Java-Learning README 失败: 404 Client Error: Not Found for url: https://api.github.com/repos/demavrin/Java-Learning/readme
处理仓库 15/20: harimoradiya/androidtvremote
处理仓库 16/20: vvb2060/pxeboot
处理仓库 17/20: shigella520/MindTrain
处理仓库 18/20: android-notes/ShadowAuto
处理仓库 19/20: kuohsuanlo/BetterRecipeMemory-Datapack
处理仓库 20/20: datafusion-contrib/StreamFusion
数据已保存到 /app/data/github_trending_20260722_041157.json
成功获取 20 个热门仓库的详细信息
