正在获取热门仓库...
处理仓库 1/20: YTwsy/OpenSurge-for-Mac
处理仓库 2/20: nethical6/conversation-steganography
处理仓库 3/20: cosmtrek/mindwalk
处理仓库 4/20: clawkwork/clawk
处理仓库 5/20: HM2899/grokcli-2api
处理仓库 6/20: vshulcz/deja-vu
处理仓库 7/20: Charles-0509/Grok-Register
处理仓库 8/20: pax-beehive/paxm
处理仓库 9/20: maaslalani/fast
处理仓库 10/20: michaelshimeles/boring-computers
处理仓库 11/20: programmersd21/flow
处理仓库 12/20: MobAI-App/simslim
处理仓库 13/20: edaywalid/undo
处理仓库 14/20: xiaozhou26/icloud-hme
处理仓库 15/20: smallnest/pigo
处理仓库 16/20: paxlabs-inc/machine-genome
处理仓库 17/20: Microck/moji
处理仓库 18/20: iximiuz/shellgym
处理仓库 19/20: mobazha/mobazha
处理仓库 20/20: deviseo/transit-hub
数据已保存到 /app/data/github_trending_20260728_035440.json
成功获取 20 个热门仓库的详细信息
