正在获取热门仓库...
处理仓库 1/20: voxivoid/recipe-lab-sony-pmca
处理仓库 2/20: blendi-remade/agentcraft
处理仓库 3/20: noahdunnagan/mcopt
处理仓库 4/20: emir/AIKON
处理仓库 5/20: zj-unicom-ai/vision-hub-platform
处理仓库 6/20: Ray-T-r/Minecraft-Forbric-mod-loader
处理仓库 7/20: SysAdminDoc/HushFacebook
处理仓库 8/20: zhaoyuxiangyyds-lab/AnyDoor
处理仓库 9/20: jcx396905-gif/DuoFold-Android
处理仓库 10/20: ReedGAOOO/FCMGuard-HyperOS
处理仓库 11/20: sapphirexai/bufferpad
处理仓库 12/20: jcx396905-gif/recipe-lab-sony-pmca-cn
处理仓库 13/20: yueyezhufeng/bemodel-java
处理仓库 14/20: zyl6932/HyperMusicCover
获取仓库 zyl6932/HyperMusicCover README 失败: 404 Client Error: Not Found for url: https://api.github.com/repos/zyl6932/HyperMusicCover/readme
处理仓库 15/20: NoHackClient/ZelixKlassMaster-27
处理仓库 16/20: xD3I/PZ_Optimization
处理仓库 17/20: Akshayykadam/PixelBoard
处理仓库 18/20: bearinmindcat/morphe-patches
处理仓库 19/20: AcidGr/agent-mobile-use
处理仓库 20/20: agentscope-ai-java/agentscope-java
数据已保存到 /app/data/github_trending_20261007_064236.json
成功获取 20 个热门仓库的详细信息
