正在获取热门仓库...
处理仓库 1/20: ammaarreshi/Generals-Mac-iOS-iPad
处理仓库 2/20: arcships/light-ocr
处理仓库 3/20: karola3vax/CS2FOW
处理仓库 4/20: MSNightmare/LegacyHive
处理仓库 5/20: kigner/audio.cpp-webui
处理仓库 6/20: pancreations/Halo-MCC-VR
处理仓库 7/20: nhoral/KenshiCoop
处理仓库 8/20: karola3vax/CS2AC
处理仓库 9/20: GOROman/famicom-rf-hackrf-decoder
处理仓库 10/20: Helldez/BigMoeOnEdge
处理仓库 11/20: dk8827/ra-port
处理仓库 12/20: thecodedose/kdashboard
处理仓库 13/20: JMBQ01/azurlan
处理仓库 14/20: Adel-Ayoub/rabbet
处理仓库 15/20: alattanzio/Box3DUnreal
处理仓库 16/20: timj-code/bc7215_ac_matter
处理仓库 17/20: YesterMester/TheSimpsonsGameRecomp
处理仓库 18/20: chrisberg-code1992s6/Meccha-Auto-Painter
处理仓库 19/20: swellweb/reame
处理仓库 20/20: AmelieHeinrich/agfx
数据已保存到 /app/data/github_trending_20260803_042409.json
成功获取 20 个热门仓库的详细信息
