正在获取热门仓库...
处理仓库 1/20: oversecured/Samsung_Vulnerabilities
处理仓库 2/20: HaolemeApp/Haoleme
处理仓库 3/20: Juncai22/spring-ai-agent-learning
处理仓库 4/20: SangLuoCN/OneStep4
处理仓库 5/20: shigella520/MindTrain
处理仓库 6/20: wxxsfxyzm/MiuiBackGestureHook
处理仓库 7/20: apache/ossie-temp
处理仓库 8/20: zgcwkjOpenProject/XPoser_MiBackup
处理仓库 9/20: 0x7eTeam/fastjson-1.2.83-rce
处理仓库 10/20: linzhi-524/linjian-peek-public
处理仓库 11/20: youxiandechilun/Guido
处理仓库 12/20: execiq/Authz-ExeC
处理仓库 13/20: vvb2060/pxeboot
处理仓库 14/20: android-notes/ShadowAuto
处理仓库 15/20: demavrin/Java-Learning
处理仓库 16/20: datafusion-contrib/StreamFusion
处理仓库 17/20: kuohsuanlo/BetterRecipeMemory-Datapack
处理仓库 18/20: Brazzo978/L.L.E-Legacy-Lockscreen-Effects
处理仓库 19/20: PrathxmOp/Prathxm-Patches
处理仓库 20/20: lllucccian/Deekseep
数据已保存到 /app/data/github_trending_20260729_035835.json
成功获取 20 个热门仓库的详细信息
