正在获取热门仓库...
处理仓库 1/20: stanuwu/Sunrise
处理仓库 2/20: MSNightmare/ShieldBreak
处理仓库 3/20: localai-org/kimodo.cpp
处理仓库 4/20: pg83/solo
处理仓库 5/20: ARMSX2/ARMSX3
处理仓库 6/20: facebookresearch/project_superdex
处理仓库 7/20: tobi/omasnap
处理仓库 8/20: patchzyy/Wiicompiled
处理仓库 9/20: noctalia-dev/umbriel
处理仓库 10/20: OpenSparX/MasterAgent
处理仓库 11/20: eugeniosegala/MAKO
处理仓库 12/20: jlrouzies-fr/DLSS5-Feeder
处理仓库 13/20: Blueforcer/awtrix-ng
处理仓库 14/20: JinShichang/MSFS-SimGPStoAndroid
处理仓库 15/20: EstebanPdN/mario-kart-64-3ds
处理仓库 16/20: komaruworld/mocktail
处理仓库 17/20: thisisgm/omarchy-pods
处理仓库 18/20: kandowontu/starfox-enhanced
处理仓库 19/20: GOROman/vibewatch
处理仓库 20/20: NIGos/dlss5-dx11-bridge
数据已保存到 /app/data/github_trending_20260831_062610.json
成功获取 20 个热门仓库的详细信息
