正在获取热门仓库...
处理仓库 1/20: nethical6/conversation-steganography
处理仓库 2/20: magicrew/doc7
处理仓库 3/20: perplexityai/numbat
处理仓库 4/20: vshulcz/deja-vu
处理仓库 5/20: Charles-0509/Grok-Register
处理仓库 6/20: ZenGeekLabs/DJOneHub
处理仓库 7/20: edaywalid/undo
处理仓库 8/20: iximiuz/shellgym
处理仓库 9/20: YoanWai/agent-manager
处理仓库 10/20: MobAI-App/simslim
处理仓库 11/20: rengwu/chartr
处理仓库 12/20: opentokenz/mcpx
处理仓库 13/20: vudsen/ai-disk-cleaner
处理仓库 14/20: rogerbush007-a11y/DJOneHub-mac-enhanced
处理仓库 15/20: codermyxiaoc/sub2api-guardian
处理仓库 16/20: Leon-PanPan/one-api-pro
处理仓库 17/20: grafana/ai-sdk
处理仓库 18/20: kejilion/KPanel
处理仓库 19/20: cofy-x/axern
处理仓库 20/20: paxlabs-inc/machine-genome
数据已保存到 /app/data/github_trending_20260811_030007.json
成功获取 20 个热门仓库的详细信息
