正在获取热门仓库...
处理仓库 1/20: DietrichGebert/ponytail
处理仓库 2/20: cobusgreyling/loop-engineering
处理仓库 3/20: zhongerxin/Cowart
处理仓库 4/20: BuilderIO/skills
处理仓库 5/20: Yu9191/wloc
处理仓库 6/20: Forward-Future/loopy
处理仓库 7/20: JimLiu/baoyu-design
处理仓库 8/20: cloudflare/security-audit-skill
处理仓库 9/20: rebel0789/codexpro
处理仓库 10/20: alchaincyf/fanbox
处理仓库 11/20: mekos2772/ios-location-spoofer
处理仓库 12/20: AI-Builder-Club/skills
处理仓库 13/20: kanavtwtgg/birds.cafe
处理仓库 14/20: XBuilderLAB/cheat-on-money
处理仓库 15/20: kadevin/ilab-gpt-conjure
处理仓库 16/20: Jane-xiaoer/xiaoer-videolab
处理仓库 17/20: hyqzz/Solar-Wanderer
处理仓库 18/20: u7079256/paperjury
处理仓库 19/20: rpanigrahi222/intruth-factcheck
处理仓库 20/20: buynao/aipath
数据已保存到 /app/data/github_trending_20260702_045308.json
成功获取 20 个热门仓库的详细信息
