正在获取热门仓库...
处理仓库 1/20: NandhaKishorM/laya
处理仓库 2/20: browser-use/jev-ultrafast
处理仓库 3/20: jaredpalmer/kev
处理仓库 4/20: mizorewww/laya-mlx
处理仓库 5/20: TheoLeeCJ/SemIf-OpenJev
处理仓库 6/20: yi1108/printfilm
处理仓库 7/20: newliver666/apk-reverse
处理仓库 8/20: Taichu-AI/ZDTaichu5.0-9B
处理仓库 9/20: mcncarl/jianying-headless
处理仓库 10/20: Contrastive-LM/CLM
处理仓库 11/20: Edge0-AI/Edge0
处理仓库 12/20: rehan-remade/universal-modder
处理仓库 13/20: Rion-Wu-tech/wechat-intelligence-hub
处理仓库 14/20: feder-cr/dots
处理仓库 15/20: TianyuCodings/NanoJev
处理仓库 16/20: yibie/awesome-jev
处理仓库 17/20: deepopen-com/deepopen
处理仓库 18/20: bespokelabsai/nimble
处理仓库 19/20: RubinLabs26/ISpotify
处理仓库 20/20: EverettFish/holo-card-studio
数据已保存到 /app/data/github_trending_20261004_063200.json
成功获取 20 个热门仓库的详细信息
