正在获取热门仓库...
处理仓库 1/20: unreallabsai/unreal-agent
处理仓库 2/20: yetone/magpie
处理仓库 3/20: linguo2625469/workbuddy2api-panel
处理仓库 4/20: unstablebuild/rune
处理仓库 5/20: kryvora-network/kryvora-node
处理仓库 6/20: okf-memory/okf-agent-memory
处理仓库 7/20: gylive/ccodex-sleep-state
处理仓库 8/20: itsmostafa/system-one-connector
处理仓库 9/20: MichaelKinsy/PiG
处理仓库 10/20: BennyThink/NFCX
处理仓库 11/20: HyNetworks/OpenGFW
处理仓库 12/20: VaderChen/YourDesk
处理仓库 13/20: cocoyes/zhizhi-agent-runtime
处理仓库 14/20: kdbhalala/avdslim
处理仓库 15/20: x4gpanell/3x-ui_runonflux
处理仓库 16/20: wangyunjeff/sub2api-state-kit
处理仓库 17/20: Stocist/Tailtab
处理仓库 18/20: vianziro/Whatsapp-Dekstop
处理仓库 19/20: rhevorn/shape
处理仓库 20/20: CangShui/workbuddy-gateway
数据已保存到 /app/data/github_trending_20260929_062447.json
成功获取 20 个热门仓库的详细信息
