正在获取热门仓库...
处理仓库 1/20: eternity4719/HowToLiveBetter
处理仓库 2/20: NandhaKishorM/laya
处理仓库 3/20: browser-use/jev-ultrafast
处理仓库 4/20: jaredpalmer/kev
处理仓库 5/20: zai-org/ZCode
处理仓库 6/20: tamaratran/fast-jev-compaction
处理仓库 7/20: jev-chat/jev-chat-jarvis
处理仓库 8/20: robbietilton/Compositor
处理仓库 9/20: Niko1221/Strata
处理仓库 10/20: mizorewww/laya-mlx
处理仓库 11/20: cdyforever/how-to-live-better
处理仓库 12/20: Mak5er/AirCard
处理仓库 13/20: KKKKhazix/AIHOT
处理仓库 14/20: Albert-Weasker/niubigeo
处理仓库 15/20: TheoLeeCJ/SemIf-OpenJev
处理仓库 16/20: yetone/magpie
处理仓库 17/20: sdli1995/dlssg_for_sm86
处理仓库 18/20: yi1108/printfilm
处理仓库 19/20: ashemag/human-atlas
处理仓库 20/20: yang0/handraw-style
获取仓库 yang0/handraw-style README 失败: 403 Client Error: rate limit exceeded for url: https://api.github.com/repos/yang0/handraw-style/readme
获取仓库 yang0/handraw-style 语言信息失败: 403 Client Error: rate limit exceeded for url: https://api.github.com/repos/yang0/handraw-style/languages
数据已保存到 /app/data/github_trending_20261003_055455.json
成功获取 20 个热门仓库的详细信息
