正在获取热门仓库...
处理仓库 1/20: ammaarreshi/Generals-Mac-iOS-iPad
处理仓库 2/20: NicholasSlattery/sony-head-tracker
处理仓库 3/20: XboxNahida/ghostty-blackhole-main
处理仓库 4/20: BenMakesEverything/Pocket-Lab-Power-Supply
处理仓库 5/20: arcships/light-ocr
处理仓库 6/20: karola3vax/CS2FOW
处理仓库 7/20: MSNightmare/LegacyHive
处理仓库 8/20: kigner/audio.cpp-webui
处理仓库 9/20: pwilkin/trellis.cpp
处理仓库 10/20: ethz-asl/BIEVR-LIO
处理仓库 11/20: GOROman/famicom-rf-hackrf-decoder
处理仓库 12/20: pancreations/Halo-MCC-VR
处理仓库 13/20: MatthewKuKanich/ChimeraBLE
处理仓库 14/20: HackMan3D/HackMan3D-Orbit-Controller
处理仓库 15/20: nhoral/KenshiCoop
处理仓库 16/20: dk8827/ra-port
处理仓库 17/20: welcome-to-the-sunny-side/misa77
处理仓库 18/20: thecodedose/kdashboard
处理仓库 19/20: ChaseTheHunter/ryujinx-emu
处理仓库 20/20: bearlikelion/godot-box3d
数据已保存到 /app/data/github_trending_20260727_043217.json
成功获取 20 个热门仓库的详细信息
