正在获取热门仓库...
处理仓库 1/20: ZSvirt/zsvirt
处理仓库 2/20: SangLuoCN/OneStep4
处理仓库 3/20: zhangzf1119/financial-intelligence-system
处理仓库 4/20: verityminecraft/Verity-JE-BE-Mod-Minecraft
处理仓库 5/20: OpenVapeCN/VapeV4.21
处理仓库 6/20: Swayingleaves/novanova-studio
处理仓库 7/20: w1lli4m666-droid/TVFileBox
处理仓库 8/20: albertoZurini/echo-dot-2-playground
处理仓库 9/20: lunar-landing/qualia
处理仓库 10/20: NoHackClient/Rise-6.9.5
处理仓库 11/20: Kamilhik/e4steam
处理仓库 12/20: gohoski/Wolfius
处理仓库 13/20: LAOBILAXI233/onestep_on_hyper
处理仓库 14/20: soullessjump/gitmatica
处理仓库 15/20: qiannianhuanxiang/DSHA
处理仓库 16/20: fyrlove/r0re
处理仓库 17/20: 0x7eTeam/fastjson-1.2.83-rce
处理仓库 18/20: PortSwigger/http-terminator
处理仓库 19/20: LSPosed/Privisolated
获取仓库 LSPosed/Privisolated README 失败: 404 Client Error: Not Found for url: https://api.github.com/repos/LSPosed/Privisolated/readme
处理仓库 20/20: TensorHub-ORG/Coomi
数据已保存到 /app/data/github_trending_20260819_021333.json
成功获取 20 个热门仓库的详细信息
