正在获取热门仓库...
处理仓库 1/20: MorpheApp/PotHelper
处理仓库 2/20: voxivoid/recipe-lab-sony-pmca
处理仓库 3/20: XiaochangXu/AVBox
处理仓库 4/20: rianfalltwilight-lab/scex-extrabotany
处理仓库 5/20: jcx396905-gif/DuoFold-Android
处理仓库 6/20: zhaoyuxiangyyds-lab/AnyDoor
处理仓库 7/20: okpingnet/OKPing-Network-Monitor
处理仓库 8/20: blendi-remade/fly-brain-minecraft
处理仓库 9/20: umlink/java-full-stack
处理仓库 10/20: agentscope-ai-java/agentscope-java
处理仓库 11/20: ReedGAOOO/FCMGuard-HyperOS
处理仓库 12/20: yueyezhufeng/bemodel-java
处理仓库 13/20: xu-away/IdempotencyLab
处理仓库 14/20: trinetlayer/Ghost-Js-Burp-Extension
处理仓库 15/20: zj-unicom-ai/vision-hub-platform
处理仓库 16/20: evangelosvlachos96-dotcom/microservices-tracing-kafka-opentelemetry
处理仓库 17/20: sashyo/minidauth
处理仓库 18/20: Akshayykadam/PixelBoard
处理仓库 19/20: 1554151614-maker/pan-campus-agent
处理仓库 20/20: Karhu-Anticheat/KarhuAC
数据已保存到 /app/data/github_trending_20260923_052332.json
成功获取 20 个热门仓库的详细信息
