正在获取热门仓库...
处理仓库 1/20: guillaumemeyer/watermarks-remover
处理仓库 2/20: awesome-dsh-plugin/awesome-dsh-plugin
处理仓库 3/20: MiniMax-AI/MiniMax-H3
处理仓库 4/20: pathwaycom/arc-task-gen
处理仓库 5/20: KKKKhazix/human-writing
处理仓库 6/20: geeklee/srt-whiteboard-animation
处理仓库 7/20: ShawnPana/phone-harness
处理仓库 8/20: oil-oil/oil-motion
处理仓库 9/20: tsingyuai/growth-lab
处理仓库 10/20: jd-opensource/JoyAI-Video-Edit
处理仓库 11/20: MatrAIx-ai/MatrAIx-Persona-8B
处理仓库 12/20: VictorTaelin/OptMem
处理仓库 13/20: AdamPlatin123/awesome-dsh-plugins
处理仓库 14/20: wang2122/sprix-sage-router
处理仓库 15/20: Leutenegger/book-to-skill
处理仓库 16/20: MoonshotAI/MoonEP
处理仓库 17/20: Anionex/agent-vision-toolkit
处理仓库 18/20: mikiarlo3/ai-copywriter
处理仓库 19/20: Leutenegger/watermarks-remover
处理仓库 20/20: sowarma/wp2shell-PoC
数据已保存到 /app/data/github_trending_20260823_021912.json
成功获取 20 个热门仓库的详细信息
