正在获取热门仓库...
处理仓库 1/20: Yu9191/wloc
处理仓库 2/20: zhongerxin/Cowart
处理仓库 3/20: withmarbleapp/os-taxonomy
处理仓库 4/20: oso95/scroll-world
处理仓库 5/20: cloudflare/security-audit-skill
处理仓库 6/20: mekos2772/ios-location-spoofer
处理仓库 7/20: Shpigford/knockoff
处理仓库 8/20: IR-NETLIFY/zeus
处理仓库 9/20: rebel0789/codexpro
处理仓库 10/20: abundantbeing/hermes-browser-extension
处理仓库 11/20: kui123456789/cdk-redeem-only-extension
处理仓库 12/20: byJoey/cfnew-deployer
处理仓库 13/20: dzhng/skills
处理仓库 14/20: sparklabx/drawio-ai-kit
处理仓库 15/20: flatkey-ai/awesome-images
处理仓库 16/20: helloyanis/age-verification-bypass
处理仓库 17/20: rpanigrahi222/intruth-factcheck
处理仓库 18/20: MageByte-Zero/spec-superflow
处理仓库 19/20: ChatCut-Inc/agent-plugin
处理仓库 20/20: kanavtwtgg/birds.cafe
数据已保存到 /app/data/github_trending_20260716_035552.json
成功获取 20 个热门仓库的详细信息
