正在获取热门仓库...
处理仓库 1/20: MSNightmare/RoguePlanet
处理仓库 2/20: ammaarreshi/Generals-Mac-iOS-iPad
处理仓库 3/20: BohemiaInteractive/CWR
处理仓库 4/20: 0xShug0/audio.cpp
处理仓库 5/20: XboxNahida/ghostty-blackhole-main
处理仓库 6/20: localai-org/privacy-filter.cpp
处理仓库 7/20: mudler/locate-anything.cpp
处理仓库 8/20: BehemothSpongeSquare/adobe-acrobat
处理仓库 9/20: BenMakesEverything/Pocket-Lab-Power-Supply
处理仓库 10/20: carbonengine/trinity
处理仓库 11/20: safijari/openpuck
处理仓库 12/20: birabittoh/NocturneRecomp
处理仓库 13/20: frecodecasti/gem5-branchpred
处理仓库 14/20: yashmulgaonkar/FlightScnr
处理仓库 15/20: danking6/veltoc
处理仓库 16/20: MemNixFS/MemNixFS
处理仓库 17/20: ChaseTheHunter/ryujinx-emu
处理仓库 18/20: SZAILAB/MaterialDFT-Demo
处理仓库 19/20: 4jayyy/tomodachi-pc
处理仓库 20/20: ScaleX-IO/uGDS
数据已保存到 /app/data/github_trending_20260706_050316.json
成功获取 20 个热门仓库的详细信息
